test_cli_duplicate_cohort_rejected (test_aggregates.AggregateCLITests.test_cli_duplicate_cohort_rejected) ... ok
test_cli_empty_required_estimate_keeps_report (test_aggregates.AggregateCLITests.test_cli_empty_required_estimate_keeps_report) ... ok
test_cli_legacy_composite_rejected (test_aggregates.AggregateCLITests.test_cli_legacy_composite_rejected) ... ok
test_cli_mixed_evidence_rejected (test_aggregates.AggregateCLITests.test_cli_mixed_evidence_rejected) ... ok
test_cli_requires_observations (test_aggregates.AggregateCLITests.test_cli_requires_observations) ... ok
test_cli_valid (test_aggregates.AggregateCLITests.test_cli_valid) ... ok
test_boolean_count_rejected (test_aggregates.AggregateTests.test_boolean_count_rejected) ... ok
test_controls_rejected (test_aggregates.AggregateTests.test_controls_rejected) ... ok
test_different_analysis_contract_rejected (test_aggregates.AggregateTests.test_different_analysis_contract_rejected) ... ok
test_empty_cohort_undefined (test_aggregates.AggregateTests.test_empty_cohort_undefined) ... ok
test_empty_pair_export_refused (test_aggregates.AggregateTests.test_empty_pair_export_refused) ... ok
test_exact_counts_above_binary64_limit_remain_exact (test_aggregates.AggregateTests.test_exact_counts_above_binary64_limit_remain_exact) ... ok
test_exact_net_loss_from_marginals (test_aggregates.AggregateTests.test_exact_net_loss_from_marginals) ... ok
test_excess_count_rejected (test_aggregates.AggregateTests.test_excess_count_rejected) ... ok
test_exclusion_partition_required (test_aggregates.AggregateTests.test_exclusion_partition_required) ... ok
test_exclusion_typo_rejected (test_aggregates.AggregateTests.test_exclusion_typo_rejected) ... ok
test_known_exclusion_partition_accepted (test_aggregates.AggregateTests.test_known_exclusion_partition_accepted) ... ok
test_missing_hash_rejected (test_aggregates.AggregateTests.test_missing_hash_rejected) ... ok
test_missing_rule_rejected (test_aggregates.AggregateTests.test_missing_rule_rejected) ... ok
test_negative_count_rejected (test_aggregates.AggregateTests.test_negative_count_rejected) ... ok
test_no_initial_detection_survival_undefined (test_aggregates.AggregateTests.test_no_initial_detection_survival_undefined) ... ok
test_report_roundtrip_matches_pairs (test_aggregates.AggregateTests.test_report_roundtrip_matches_pairs) ... ok
test_rounded_percentage_rejected (test_aggregates.AggregateTests.test_rounded_percentage_rejected) ... ok
test_sharp_survival_bounds_exhaustive_through_five (test_aggregates.AggregateTests.test_sharp_survival_bounds_exhaustive_through_five) ... ok
test_survival_not_point_identified_generally (test_aggregates.AggregateTests.test_survival_not_point_identified_generally) ... ok
test_survival_one_identified_all_after_positive (test_aggregates.AggregateTests.test_survival_one_identified_all_after_positive) ... ok
test_survival_zero_identified_in_degenerate_marginal (test_aggregates.AggregateTests.test_survival_zero_identified_in_degenerate_marginal) ... ok
test_synthetic_label_preserved (test_aggregates.AggregateTests.test_synthetic_label_preserved) ... ok
test_transition_marginal_conflict (test_aggregates.AggregateTests.test_transition_marginal_conflict) ... ok
test_paper_test_count_matches_current_source_methods (test_asset_manifest.AssetManifestTests.test_paper_test_count_matches_current_source_methods) ... ok
test_partial_asset_refresh_retains_other_entries_and_basis (test_asset_manifest.AssetManifestTests.test_partial_asset_refresh_retains_other_entries_and_basis) ... ok
test_sibling_paper_asset_uses_project_relative_path (test_asset_manifest.AssetManifestTests.test_sibling_paper_asset_uses_project_relative_path) ... ok
test_all_decisions_missing_full_range (test_bounds.BoundTests.test_all_decisions_missing_full_range) ... ok
test_boolean_count_rejected (test_bounds.BoundTests.test_boolean_count_rejected) ... ok
test_intersection_exhaustive (test_bounds.BoundTests.test_intersection_exhaustive) ... ok
test_invalid_sum_rejected (test_bounds.BoundTests.test_invalid_sum_rejected) ... ok
test_missing_bound_exhaustive (test_bounds.BoundTests.test_missing_bound_exhaustive) ... ok
test_negative_count_rejected (test_bounds.BoundTests.test_negative_count_rejected) ... ok
test_no_selection_is_known_marginal_difference (test_bounds.BoundTests.test_no_selection_is_known_marginal_difference) ... ok
test_noninteger_difference_rejected (test_bounds.BoundTests.test_noninteger_difference_rejected) ... ok
test_oversize_count_rejected (test_bounds.BoundTests.test_oversize_count_rejected) ... ok
test_partial_decision_bounds_exhaustive (test_bounds.BoundTests.test_partial_decision_bounds_exhaustive) ... ok
test_rounding_rates_cannot_be_counts (test_bounds.BoundTests.test_rounding_rates_cannot_be_counts) ... ok
test_selected_loss_exhaustive_sharp (test_bounds.BoundTests.test_selected_loss_exhaustive_sharp) ... ok
test_selected_zero_is_undefined (test_bounds.BoundTests.test_selected_zero_is_undefined) ... ok
test_unknown_decision_boolean_type_rejected (test_bounds.BoundTests.test_unknown_decision_boolean_type_rejected) ... ok
test_auroc_claim_rejected (test_certificate.CertificateTests.test_auroc_claim_rejected) ... ok
test_certificate_hash_changes_with_claim (test_certificate.CertificateTests.test_certificate_hash_changes_with_claim) ... ok
test_change_is_identified (test_certificate.CertificateTests.test_change_is_identified) ... ok
test_cli_require_observations_rejects_synthetic (test_certificate.CertificateTests.test_cli_require_observations_rejects_synthetic) ... EVIDENCE_ERROR: Synthetic evidence cannot be certified as saved observations
ok
test_cli_returns_three_for_bounded_or_rejected_claim (test_certificate.CertificateTests.test_cli_returns_three_for_bounded_or_rejected_claim) ... ok
test_empty_raw_count_cohort_has_denial_outcome (test_certificate.CertificateTests.test_empty_raw_count_cohort_has_denial_outcome) ... ok
test_false_positive_claim_rejected (test_certificate.CertificateTests.test_false_positive_claim_rejected) ... ok
test_inconsistent_exact_counts_are_rejected (test_certificate.CertificateTests.test_inconsistent_exact_counts_are_rejected) ... ok
test_pair_report_round_trip (test_certificate.CertificateTests.test_pair_report_round_trip) ... ok
test_posterior_provenance_claim_rejected (test_certificate.CertificateTests.test_posterior_provenance_claim_rejected) ... ok
test_stale_analysis_is_rejected_before_issuance (test_certificate.CertificateTests.test_stale_analysis_is_rejected_before_issuance) ... ok
test_survival_is_bounded_without_joint_table (test_certificate.CertificateTests.test_survival_is_bounded_without_joint_table) ... ok
test_survival_is_identified_with_transitions (test_certificate.CertificateTests.test_survival_is_identified_with_transitions) ... ok
test_analysis_boolean_fraction_rejected_before_issuance (test_certificate_types.TypedCertificateTests.test_analysis_boolean_fraction_rejected_before_issuance) ... ok
test_boolean_fraction_component_is_not_an_integer (test_certificate_types.TypedCertificateTests.test_boolean_fraction_component_is_not_an_integer) ... ok
test_float_fraction_denominator_is_not_an_exact_count (test_certificate_types.TypedCertificateTests.test_float_fraction_denominator_is_not_an_exact_count) ... ok
test_integer_requirement_is_not_a_boolean (test_certificate_types.TypedCertificateTests.test_integer_requirement_is_not_a_boolean) ... ok
test_membership_assertion_cannot_authenticate_count_analysis (test_certificate_types.TypedCertificateTests.test_membership_assertion_cannot_authenticate_count_analysis) ... ok
test_pair_report_is_not_membership_authentication (test_certificate_types.TypedCertificateTests.test_pair_report_is_not_membership_authentication) ... ok
test_verification_uses_exclusive_publication (test_certificate_types.VerificationPublicationTests.test_verification_uses_exclusive_publication) ... EVIDENCE_ERROR: [Errno 17] File exists: '/tmp/tmp5pr_05xo/.editmark-693rffs2.tmp' -> '/tmp/tmp5pr_05xo/verification.json'
ok
test_basis_regeneration_verifies (test_certificate_verify.CertificateVerificationTests.test_basis_regeneration_verifies) ... ok
test_bundle_claim_mismatch_is_rejected (test_certificate_verify.CertificateVerificationTests.test_bundle_claim_mismatch_is_rejected) ... ok
test_cli_verifies_bundle_and_basis (test_certificate_verify.CertificateVerificationTests.test_cli_verifies_bundle_and_basis) ... ok
test_free_form_claim_text_is_not_authoritative (test_certificate_verify.CertificateVerificationTests.test_free_form_claim_text_is_not_authoritative) ... ok
test_hash_only_tampering_is_rejected (test_certificate_verify.CertificateVerificationTests.test_hash_only_tampering_is_rejected) ... ok
test_rehashed_semantic_tampering_is_rejected (test_certificate_verify.CertificateVerificationTests.test_rehashed_semantic_tampering_is_rejected) ... ok
test_transition_tampering_is_rejected (test_certificate_verify.CertificateVerificationTests.test_transition_tampering_is_rejected) ... ok
test_valid_certificate_rederives (test_certificate_verify.CertificateVerificationTests.test_valid_certificate_rederives) ... ok
test_wrong_basis_is_rejected (test_certificate_verify.CertificateVerificationTests.test_wrong_basis_is_rejected) ... ok
test_absent_validation_excluded_not_failed (test_contract.PairContractTests.test_absent_validation_excluded_not_failed) ... ok
test_all_four_transitions (test_contract.PairContractTests.test_all_four_transitions) ... ok
test_boolean_threshold (test_contract.PairContractTests.test_boolean_threshold) ... ok
test_change_evidence_derived (test_contract.PairContractTests.test_change_evidence_derived) ... ok
test_changed_check_contract (test_contract.PairContractTests.test_changed_check_contract) ... ok
test_cohort_digest_changes_with_decision (test_contract.PairContractTests.test_cohort_digest_changes_with_decision) ... ok
test_cohort_digest_order_invariant (test_contract.PairContractTests.test_cohort_digest_order_invariant) ... ok
test_comparator_change (test_contract.PairContractTests.test_comparator_change) ... ok
test_comparators_are_separate_strata (test_contract.PairContractTests.test_comparators_are_separate_strata) ... ok
test_comparison_boundaries (test_contract.PairContractTests.test_comparison_boundaries) ... ok
test_count_partition (test_contract.PairContractTests.test_count_partition) ... ok
test_distinct_originals_not_edit_weighted (test_contract.PairContractTests.test_distinct_originals_not_edit_weighted) ... ok
test_edited_failure_excluded (test_contract.PairContractTests.test_edited_failure_excluded) ... ok
test_empty_cohort_digest_null (test_contract.PairContractTests.test_empty_cohort_digest_null) ... ok
test_exact_duplicates (test_contract.PairContractTests.test_exact_duplicates) ... ok
test_explicit_synthetic_banner (test_contract.PairContractTests.test_explicit_synthetic_banner) ... ok
test_extreme_json_exponent_rejected (test_contract.PairContractTests.test_extreme_json_exponent_rejected) ... ok
test_flag_hash_contradiction (test_contract.PairContractTests.test_flag_hash_contradiction) ... ok
test_functional_preservation_denominator (test_contract.PairContractTests.test_functional_preservation_denominator) ... ok
test_giant_int_score_rejected (test_contract.PairContractTests.test_giant_int_score_rejected) ... ok
test_hash_distinguishes_conflicting_duplicates (test_contract.PairContractTests.test_hash_distinguishes_conflicting_duplicates) ... ok
test_hash_format (test_contract.PairContractTests.test_hash_format) ... ok
test_inconsistent_original_across_edits (test_contract.PairContractTests.test_inconsistent_original_across_edits) ... ok
test_known_noop_sensitivity (test_contract.PairContractTests.test_known_noop_sensitivity) ... ok
test_missing_and_present_threshold_strata_sort (test_contract.PairContractTests.test_missing_and_present_threshold_strata_sort) ... ok
test_missing_check_contract (test_contract.PairContractTests.test_missing_check_contract) ... ok
test_missing_contract_not_preservation (test_contract.PairContractTests.test_missing_contract_not_preservation) ... ok
test_missing_rule_not_filled_by_hashing_empty_config (test_contract.PairContractTests.test_missing_rule_not_filled_by_hashing_empty_config) ... ok
test_missing_validation_not_in_known_target_bounds (test_contract.PairContractTests.test_missing_validation_not_in_known_target_bounds) ... ok
test_no_default_cross_method_pool (test_contract.PairContractTests.test_no_default_cross_method_pool) ... ok
test_no_denominator_is_null (test_contract.PairContractTests.test_no_denominator_is_null) ... ok
test_no_initial_detection_survival_null (test_contract.PairContractTests.test_no_initial_detection_survival_null) ... ok
test_no_network_path (test_contract.PairContractTests.test_no_network_path) ... ok
test_nonfinite_score (test_contract.PairContractTests.test_nonfinite_score) ... ok
test_numeric_boolean (test_contract.PairContractTests.test_numeric_boolean) ... ok
test_old_schema_not_silently_upgraded (test_contract.PairContractTests.test_old_schema_not_silently_upgraded) ... ok
test_original_failure_excluded (test_contract.PairContractTests.test_original_failure_excluded) ... ok
test_partially_observed_negative_narrows_bound (test_contract.PairContractTests.test_partially_observed_negative_narrows_bound) ... ok
test_population_required (test_contract.PairContractTests.test_population_required) ... ok
test_positive_pair (test_contract.PairContractTests.test_positive_pair) ... ok
test_replicates_do_not_collapse (test_contract.PairContractTests.test_replicates_do_not_collapse) ... ok
test_rule_identity_is_per_side (test_contract.PairContractTests.test_rule_identity_is_per_side) ... ok
test_saved_flag_without_identity_not_strict (test_contract.PairContractTests.test_saved_flag_without_identity_not_strict) ... ok
test_score_decision_contradiction (test_contract.PairContractTests.test_score_decision_contradiction) ... ok
test_shifted_scores_preserve_decisions_and_loss (test_contract.PairContractTests.test_shifted_scores_preserve_decisions_and_loss) ... ok
test_single_source_hash_verified_even_without_other_source (test_contract.PairContractTests.test_single_source_hash_verified_even_without_other_source) ... ok
test_string_boolean (test_contract.PairContractTests.test_string_boolean) ... ok
test_support_missing_is_unknown (test_contract.PairContractTests.test_support_missing_is_unknown) ... ok
test_synthetic_never_mixed_with_observation (test_contract.PairContractTests.test_synthetic_never_mixed_with_observation) ... ok
test_threshold_change (test_contract.PairContractTests.test_threshold_change) ... ok
test_thresholds_are_separate_strata (test_contract.PairContractTests.test_thresholds_are_separate_strata) ... ok
test_unavailable_detection_cannot_carry_false_decision (test_contract.PairContractTests.test_unavailable_detection_cannot_carry_false_decision) ... ok
test_unavailable_detection_not_negative (test_contract.PairContractTests.test_unavailable_detection_not_negative) ... ok
test_unavailable_validation_cannot_carry_fail (test_contract.PairContractTests.test_unavailable_validation_cannot_carry_fail) ... ok
test_unknown_change_only_diagnostic (test_contract.PairContractTests.test_unknown_change_only_diagnostic) ... ok
test_unknown_comparator (test_contract.PairContractTests.test_unknown_comparator) ... ok
test_unknown_mode_even_empty (test_contract.PairContractTests.test_unknown_mode_even_empty) ... ok
test_unknown_pass_excluded (test_contract.PairContractTests.test_unknown_pass_excluded) ... ok
test_unmarked_controls_not_labelled_tpr (test_contract.PairContractTests.test_unmarked_controls_not_labelled_tpr) ... ok
test_unsupported_not_noop (test_contract.PairContractTests.test_unsupported_not_noop) ... ok
test_cli_aggregate_refused (test_contract.StrictIOTests.test_cli_aggregate_refused) ... ok
test_cli_no_estimate_exit_status (test_contract.StrictIOTests.test_cli_no_estimate_exit_status) ... ok
test_cli_roundtrip_synthetic (test_contract.StrictIOTests.test_cli_roundtrip_synthetic) ... ok
test_cli_synthetic_refused_as_empirical (test_contract.StrictIOTests.test_cli_synthetic_refused_as_empirical) ... ok
test_duplicate_keys_rejected (test_contract.StrictIOTests.test_duplicate_keys_rejected) ... ok
test_empty_jsonl_rejected (test_contract.StrictIOTests.test_empty_jsonl_rejected) ... ok
test_nonfinite_constants_rejected (test_contract.StrictIOTests.test_nonfinite_constants_rejected) ... ok
test_nonfinite_output_not_created (test_contract.StrictIOTests.test_nonfinite_output_not_created) ... ok
test_nonobject_rows_rejected (test_contract.StrictIOTests.test_nonobject_rows_rejected) ... ok
test_output_does_not_overwrite (test_contract.StrictIOTests.test_output_does_not_overwrite) ... ok
test_symlink_not_overwritten (test_contract.StrictIOTests.test_symlink_not_overwritten) ... ok
test_utf8_bom_accepted (test_contract.StrictIOTests.test_utf8_bom_accepted) ... ok
test_exact_zero_with_extreme_exponent_remains_zero (test_hardening.ExtremeExponentTests.test_exact_zero_with_extreme_exponent_remains_zero) ... ok
test_extreme_underflow_is_evidence_error_not_decimal_traceback (test_hardening.ExtremeExponentTests.test_extreme_underflow_is_evidence_error_not_decimal_traceback) ... ok
test_empty_object_means_unknown_not_false (test_hardening.FieldBoundaryTests.test_empty_object_means_unknown_not_false) ... ok
test_invalid_unicode_identity_rejected (test_hardening.FieldBoundaryTests.test_invalid_unicode_identity_rejected) ... ok
test_invalid_unicode_source_rejected (test_hardening.FieldBoundaryTests.test_invalid_unicode_source_rejected) ... ok
test_legitimate_unicode_source_preserved (test_hardening.FieldBoundaryTests.test_legitimate_unicode_source_preserved) ... ok
test_unknown_detection_field (test_hardening.FieldBoundaryTests.test_unknown_detection_field) ... ok
test_unknown_program_field (test_hardening.FieldBoundaryTests.test_unknown_program_field) ... ok
test_unknown_top_level (test_hardening.FieldBoundaryTests.test_unknown_top_level) ... ok
test_unknown_validation_field (test_hardening.FieldBoundaryTests.test_unknown_validation_field) ... ok
test_whitespace_identity_not_silently_collapsed (test_hardening.FieldBoundaryTests.test_whitespace_identity_not_silently_collapsed) ... ok
test_exactly_representable_integer_accepted (test_hardening.NumericBoundaryTests.test_exactly_representable_integer_accepted) ... ok
test_negative_underflow_rejected (test_hardening.NumericBoundaryTests.test_negative_underflow_rejected) ... ok
test_negative_unrepresentable_integer_rejected (test_hardening.NumericBoundaryTests.test_negative_unrepresentable_integer_rejected) ... ok
test_positive_underflow_rejected (test_hardening.NumericBoundaryTests.test_positive_underflow_rejected) ... ok
test_representable_subnormal_accepted (test_hardening.NumericBoundaryTests.test_representable_subnormal_accepted) ... ok
test_score_model_documents_binary64_rounding (test_hardening.NumericBoundaryTests.test_score_model_documents_binary64_rounding) ... ok
test_true_exponent_zero_preserved (test_hardening.NumericBoundaryTests.test_true_exponent_zero_preserved) ... ok
test_unrepresentable_integer_score_rejected (test_hardening.NumericBoundaryTests.test_unrepresentable_integer_score_rejected) ... ok
test_unrepresentable_integer_threshold_rejected (test_hardening.NumericBoundaryTests.test_unrepresentable_integer_threshold_rejected) ... ok
test_exact_missing_range_counts_retained (test_hardening.TargetFingerprintTests.test_exact_missing_range_counts_retained) ... ok
test_missing_decision_target_has_hash (test_hardening.TargetFingerprintTests.test_missing_decision_target_has_hash) ... ok
test_target_hash_changes_when_partial_observation_changes (test_hardening.TargetFingerprintTests.test_target_hash_changes_when_partial_observation_changes) ... ok
test_target_hash_order_invariant (test_hardening.TargetFingerprintTests.test_target_hash_order_invariant) ... ok
test_layout_override_rejected (test_manuscript_lint.FormatTests.test_layout_override_rejected) ... ok
test_missing_description_rejected (test_manuscript_lint.FormatTests.test_missing_description_rejected) ... ok
test_official_interface_accepted (test_manuscript_lint.FormatTests.test_official_interface_accepted) ... ok
test_multiple_keys (test_manuscript_lint.ManuscriptCitationTests.test_multiple_keys) ... ok
test_optional_arguments (test_manuscript_lint.ManuscriptCitationTests.test_optional_arguments) ... ok
test_starred_command (test_manuscript_lint.ManuscriptCitationTests.test_starred_command) ... ok
test_style_is_not_a_citation (test_manuscript_lint.ManuscriptCitationTests.test_style_is_not_a_citation) ... ok
test_comment_input_ignored (test_manuscript_lint.SourceGraphTests.test_comment_input_ignored) ... ok
test_cycle_fails (test_manuscript_lint.SourceGraphTests.test_cycle_fails) ... ok
test_escape_fails (test_manuscript_lint.SourceGraphTests.test_escape_fails) ... ok
test_missing_fails (test_manuscript_lint.SourceGraphTests.test_missing_fails) ... ok
test_recursive_generated_fragment (test_manuscript_lint.SourceGraphTests.test_recursive_generated_fragment) ... ok
test_unreferenced_draft_ignored (test_manuscript_lint.SourceGraphTests.test_unreferenced_draft_ignored) ... ok
test_basis_states_no_experiment_rerun (test_release_comparison.ArtifactFactsTests.test_basis_states_no_experiment_rerun) ... ok
test_mbxp_exclusion_is_visible (test_release_comparison.ArtifactFactsTests.test_mbxp_exclusion_is_visible) ... ok
test_release_and_configured_populations_are_distinct (test_release_comparison.ArtifactFactsTests.test_release_and_configured_populations_are_distinct) ... ok
test_source_files_reproduce_inventory_counts (test_release_comparison.ArtifactFactsTests.test_source_files_reproduce_inventory_counts) ... ok
test_unavailable_evidence_is_not_claimed (test_release_comparison.ArtifactFactsTests.test_unavailable_evidence_is_not_claimed) ... ok
test_clean_tree_is_accepted (test_release_hygiene.ReleaseHygieneTests.test_clean_tree_is_accepted) ... ok
test_inactive_manuscript_source_is_rejected (test_release_hygiene.ReleaseHygieneTests.test_inactive_manuscript_source_is_rejected) ... ok
test_superseded_path_is_rejected (test_release_hygiene.ReleaseHygieneTests.test_superseded_path_is_rejected) ... ok
test_count_example_is_explicitly_synthetic (test_schemas.SchemaTests.test_count_example_is_explicitly_synthetic) ... ok
test_explicit_exclusions_required (test_schemas.SchemaTests.test_explicit_exclusions_required) ... ok
test_pair_example_is_explicitly_synthetic (test_schemas.SchemaTests.test_pair_example_is_explicitly_synthetic) ... ok
test_shipped_count_schema_matches_export (test_schemas.SchemaTests.test_shipped_count_schema_matches_export) ... ok
test_shipped_pair_schema_matches_export (test_schemas.SchemaTests.test_shipped_pair_schema_matches_export) ... ok
test_conditional_marginals_suffice_for_loss (test_witness.WitnessTests.test_conditional_marginals_suffice_for_loss) ... ok
test_legacy_mean_exact (test_witness.WitnessTests.test_legacy_mean_exact) ... ok
test_opposite_conditional_changes (test_witness.WitnessTests.test_opposite_conditional_changes) ... ok
test_same_legacy_components (test_witness.WitnessTests.test_same_legacy_components) ... ok
test_selected_bound_attained (test_witness.WitnessTests.test_selected_bound_attained) ... ok
test_shift_changes_ratio_not_decision (test_witness.WitnessTests.test_shift_changes_ratio_not_decision) ... ok

----------------------------------------------------------------------
Ran 203 tests in 1.043s

OK
CERTIFICATES_CREATED partially_admissible=1
CERTIFICATES_VERIFIED count=1 mode=certificate
CERTIFICATES_VERIFIED count=1 mode=basis+certificate
AUDIT_OK inventory=1662 canonical=1605 excluded=57 runs=140
PAIRED_EFFECT=NOT_IDENTIFIABLE_FROM_RELEASED_SUMMARIES
release_integrity=passed
run_count=140
success_count=140
canonical_manifest_digest=6af8f0fdf44e15940b383fcde80d8168539a7c2e76b7af2ba04bbbe172b0fbeb
